0|80|1|0000|0|ALICMS 0.00|F| |1| |
0|80|5|0000|0|PIS 0.00|P003| |0|04|
0|80|6|0000|0|COFINS 0.00|C003| |0|04|
0|80|1|17000|0|ALICMS 17.00|T03| |1| |
0|80|5|0000|0|PIS 0.00|P005| |0|06|
0|80|6|0000|0|COFINS 0.00|C005| |0|06|
0|81|CX|Caixa|0|
0|81|UN|Unidade|0|
0|81|SC|Saco|0|
0|81|KG|Quilo|3|
0|10|110252901|110252900|0|0|0|PEPSI-COLA PET 1L CX|PEPSI-COLA PET 1L CX|PEPSI-COLA PET 1L CX| | |0|CX|2| |260201002| |0|0| | | |0|0|0|1|0|0|0|0|0|0|0|0|0|0|0|0|0|0|0|0|0|0|0| |0|0|0|0|0|0|22021000|2|15000|0|0| |0|0|1|0|0| |LI|1000|0|0|0|0|0|0000| | |P003|C003|
0|10|110252900| |0|0|0|#PEPSI-COLA PET 1L UN|PEPSI-COLA PET 1L UN|PEPSI-COLA PET 1L UN| | |0|UN|2| |260201002| |0|0| | | |0|0|0|1|0|0|0|0|0|0|0|0|0|0|0|0|0|0|0|0|0|0|0| |0|1|0|0|0|0|22021000|2|1000|0|0| |0|0|1|0|0| |LI|1000|0|0|0|0|0|0000| | |P003|C003|
0|10|111183904|111183902|0|0|0|INHAME KG SC|INHAME KG SC|INHAME KG SC| | |0|SC|2| |060701006| |0|0| | | |0|0|0|1|0|0|0|0|0|0|0|0|0|0|0|0|0|0|0|0|0|0|0| |0|0|0|0|0|0|07099990|2|20000|0|0| |0|0|1|0|0| |KG|1000|0|0|0|0|0|0000| | |P005|C005|
0|10|111183902| |0|0|0|INHAME KG KG|INHAME KG KG|INHAME KG KG| | |0|KG|2| |060701006| |0|0| | | |0|0|0|0|0|0|0|1|0|0|0|0|0|0|0|0|0|0|0|0|0|0|1| |0|1|0|0|0|0|07099990|2|1000|0|0| |0|0|1|0|0| |KG|1000|0|0|0|0|0|0000| | |P005|C005|
0|89|03|801|110252901|1|C|
0|89|03|801|110252901|2|Z3|
0|89|03|801|110252901|3|0|
0|89|03|801|110252901|4| |
0|89|03|801|110252901|5| |
0|89|03|801|110252901|6| |
0|89|03|801|110252900|1|C|
0|89|03|801|110252900|2|Z3|
0|89|03|801|110252900|3|0|
0|89|03|801|110252900|4| |
0|89|03|801|110252900|5| |
0|89|03|801|110252900|6| |
0|89|03|801|111183904|1|C|
0|89|03|801|111183904|2|ZL|
0|89|03|801|111183904|3|204|
0|89|03|801|111183904|4| |
0|89|03|801|111183904|5| |
0|89|03|801|111183904|6| |
0|89|03|801|111183902|1|C|
0|89|03|801|111183902|2|ZL|
0|89|03|801|111183902|3|204|
0|89|03|801|111183902|4| |
0|89|03|801|111183902|5| |
0|89|03|801|111183902|6| |
0|11|801|110252901|0|0|        |        |        |0|        |F| | |0|0|0|0|0|0|0|0|0|0|0|0|0|1|0|32040|
0|11|801|110252900|0|0|        |        |        |0|        |F| | |0|0|0|0|0|0|0|0|0|0|0|0|10000|1|0|32040|
0|11|801|111183904|0|0|        |        |        |0|        |T03| | |0|0|0|0|0|0|0|0|0|0|0|0|0|1|0|0000|
0|11|801|111183902|0|0|        |        |        |0|        |T03| | |0|0|0|0|0|0|0|0|0|0|0|1|8000|1|0|0000|
0|12|801|110252901|27480|19032016|083311|1|0|0|0|0|0|0|
0|12|801|110252900|2290|19032016|083311|1|0|0|0|0|0|0|
0|12|801|110252900|1832|19032016|083311|2|0|0|0|0|0|0|
0|12|801|111183904|159000|19032016|083311|1|0|0|0|0|0|0|
0|12|801|111183902|11990|19032016|083311|1|0|0|0|0|0|0|
0|12|801|111183902|7950|19032016|083311|2|0|0|0|0|0|0|
0|01|7892840800475|110252901|
0|01|30066052|110252901|
0|01|7892840800406|110252900|
0|01|30082861|111183904|
0|01|2326|111183902|
0|01|30006553|111183902|
0|01|102161|111183902|
0|16|801|110252901|2| |1|
0|16|801|110252900|1| |1|
0|16|801|111183904|2| |1|
0|16|801|111183902|1| |1|
0|19|110252900|110252901|801|
0|19|111183902|111183904|801|
