0|80|1|25000|0|ALICMS 25.00|T4| |1| |
0|80|5|0000|0|PIS 0.00|P003| |0|04|
0|80|6|0000|0|COFINS 0.00|C003| |0|04|
0|81|CX|Caixa|0|
0|81|UN|Unidade|0|
0|10|148001201|148001200|0|0|0|SHAMP+COND PALM CX|SHAMP+COND PALMOLIVE ARGAN PR ESP CX|SHAMP+COND PALMOLIVE ARGAN PR ESP CX| | |0|CX|2| |141303001| |0|0| | | |0|0|0|1|0|0|0|0|0|0|0|0|0|0|0|0|0|0|0|0|0|0|0| |0|0|0|0|0|0|33059000|2|9000|0|0| |0|0|1|0|0| |UN|1000|0|0|0|0|0|0000| | |P003|C003|
0|10|148001200| |0|0|0|SHAMP+COND PALM UN|SHAMP+COND PALMOLIVE ARGAN PR ESP UN|SHAMP+COND PALMOLIVE ARGAN PR ESP UN| | |0|UN|2| |141303001| |0|0| | | |0|0|0|1|0|0|0|0|0|0|0|0|0|0|0|0|0|0|0|0|0|0|0| |0|1|0|0|0|0|33059000|2|1000|0|0| |0|0|1|5|0| |UN|1000|0|0|0|0|0|0000| | |P003|C003|
0|89|03|006|148001201|1|B|
0|89|03|006|148001201|2|G1|
0|89|03|006|148001201|3|43|
0|89|03|006|148001201|4| |
0|89|03|006|148001201|5| |
0|89|03|006|148001201|6| |
0|89|03|006|148001200|1|B|
0|89|03|006|148001200|2|G1|
0|89|03|006|148001200|3|43|
0|89|03|006|148001200|4| |
0|89|03|006|148001200|5|09/03/2016|
0|89|03|006|148001200|6|15/03/2016|
0|11|006|148001201|0|0|        |        |        |0|        |T4| | |0|0|0|0|0|0|0|0|0|0|0|0|0|1|0|51180|
0|11|006|148001200|0|0|        |        |        |0|        |T4| | |0|0|0|0|0|0|0|0|0|0|0|0|5000|1|0|51180|
0|12|006|148001201|62000|09032016|145527|1|0|0|0|0|0|0|
0|12|006|148001200|8850|09032016|145527|1|1|0|0|0|0|0|
0|12|006|148001200|6880|09032016|145527|2|1|0|0|0|0|0|
0|01|17891024023775|148001201|
0|01|7891024023778|148001200|
0|16|006|148001201|2| |1|
0|16|006|148001200|1| |1|
0|19|148001200|148001201|006|
